[treonlite.gitbook.io/treonlite-docs.html]
[treonlite.gitbook.io/treonlite-docs/disclaimer.html]
[treonlite.gitbook.io/treonlite-docs/guide/crypto-investors-guide-to-avoiding-admin-scams.html]
[treonlite.gitbook.io/treonlite-docs/guide/crypto-investors-guide-to-avoiding-admin-scams/rug-pull.html]
[treonlite.gitbook.io/treonlite-docs/guide/crypto-investors-guide-to-avoiding-admin-scams/honeypot.html]
[treonlite.gitbook.io/treonlite-docs/guide/crypto-investors-guide-to-avoiding-admin-scams/fake-liquidity.html]
[treonlite.gitbook.io/treonlite-docs/guide/crypto-investors-guide-to-avoiding-admin-scams/infinite-mint.html]
[treonlite.gitbook.io/treonlite-docs/guide/crypto-investors-guide-to-avoiding-admin-scams/tax-fraud.html]
[treonlite.gitbook.io/treonlite-docs/guide/crypto-investors-guide-to-avoiding-admin-scams/proxy-upgrade-attack.html]
[treonlite.gitbook.io/treonlite-docs/guide/crypto-investors-guide-to-avoiding-admin-scams/freeze-and-seize.html]
[treonlite.gitbook.io/treonlite-docs/trumpelontet.com/trumpelon-tet-meme-coin.html]
[static-2c.gitbook.com/_next/static/css/aca2cf448d391341.css]
[static-2c.gitbook.com/_next/static/css/1aa4318b516c20f4.css]
[static-2c.gitbook.com/_next/static/css/06bd1f5bc9cd60c7.css]
[static-2c.gitbook.com/_next/static/css/a0a242a9b1e69e35.css]
[static-2c.gitbook.com/_next/static/css/c2fc55a2f6ac227d.css]
[static-2c.gitbook.com/_next/static/css/53ba230a3ad5cee2.css]
[static-2c.gitbook.com/_next/static/css/95b358fb5c9305a3.css]
[static-2c.gitbook.com/_next/static/css/a73ed85726fb0435.css]
[static-2c.gitbook.com/_next/static/css/044e2992d9ef36c6.css]
[static-2c.gitbook.com/_next/static/css/c511dcbb282ef6ae.css]
[static-2c.gitbook.com/_next/static/css/11b085092f7ab861.css]
[static-2c.gitbook.com/_next/static/css/8037b62836803760.css]
[static-2c.gitbook.com/_next/static/css/4af9aafd612346fe.css]
[static-2c.gitbook.com/_next/static/chunks/webpack-9547f68a812553f3.js]
[static-2c.gitbook.com/_next/static/chunks/87c73c54-5f13a1736e7c1586.js]
[static-2c.gitbook.com/_next/static/chunks/8315-82f676efa55604bf.js]
[static-2c.gitbook.com/_next/static/chunks/main-app-06f8d75bd904c82a.js]
[static-2c.gitbook.com/_next/static/chunks/app/global-error-6ba4cc308476e045.js]
[static-2c.gitbook.com/_next/static/chunks/867-24cb2174dbfc1c26.js]
[static-2c.gitbook.com/_next/static/chunks/7582-0da0a63f7ca1b2dd.js]
[static-2c.gitbook.com/_next/static/chunks/2755-f4e7dd850c7f17a0.js]
[static-2c.gitbook.com/_next/static/chunks/907-5b0a12ad81ff99a0.js]
[static-2c.gitbook.com/_next/static/chunks/4856-81284dbb4abc4d90.js]
[static-2c.gitbook.com/_next/static/chunks/1232-e719c0594ba90c23.js]
[static-2c.gitbook.com/_next/static/chunks/app/sites/static/[mode]/[siteURL]/[siteData]/[pagePath]/page-08a0c698e24ebd1c.js]
[static-2c.gitbook.com/_next/static/chunks/4111-6db7e007bd32ab5a.js]
[static-2c.gitbook.com/_next/static/chunks/1283-eb74451fcc13ed83.js]
[backblue.gif]
[fade.gif]
[index.html]
[static-2c.gitbook.com/_next/static/chunks/app/sites/static/[mode]/[siteURL]/[siteData]/layout-afb6dea0caee6c4f.js]
[treonlite.gitbook.io/treonlite-docs/_gitbook/icon31fa.png]
[treonlite.gitbook.io/treonlite-docs/_gitbook/icon01dc.png]
[static-2c.gitbook.com/_next/static/chunks/polyfills-42372ed130431b0a.js]
[treonlite.gitbook.io/treonlite-docs/_gitbook/image2f11.jpg]
[treonlite.gitbook.io/treonlite-docs/_gitbook/pdf07ff.html]
[treonlite.gitbook.io/treonlite-docs/rocket-loader.min.js]
[treonlite.gitbook.io/treonlite-docs/_gitbook/icon8fae.png]
[treonlite.gitbook.io/treonlite-docs.html]
[treonlite.gitbook.io/treonlite-docs/disclaimer.html]
[treonlite.gitbook.io/treonlite-docs/_gitbook/pdf8b06.html]
[treonlite.gitbook.io/treonlite-docs/guide.html]
[treonlite.gitbook.io/treonlite-docs/_gitbook/pdff7e9.html]
[treonlite.gitbook.io/treonlite-docs/guide/rocket-loader.min.33.delayed]
[treonlite.gitbook.io/treonlite-docs/guide/crypto-investors-guide-to-avoiding-admin-scams.html]
[treonlite.gitbook.io/treonlite-docs/_gitbook/pdf9948.html]
[treonlite.gitbook.io/treonlite-docs/guide/crypto-investors-guide-to-avoiding-admin-scams/rocket-loader.min.js]
[treonlite.gitbook.io/treonlite-docs/guide/crypto-investors-guide-to-avoiding-admin-scams/rug-pull.html]
[treonlite.gitbook.io/treonlite-docs/guide/crypto-investors-guide-to-avoiding-admin-scams/honeypot.html]
[treonlite.gitbook.io/treonlite-docs/_gitbook/pdf66ac.html]
[treonlite.gitbook.io/treonlite-docs/guide/crypto-investors-guide-to-avoiding-admin-scams/fake-liquidity.html]
[treonlite.gitbook.io/treonlite-docs/_gitbook/pdfeabe.html]
[treonlite.gitbook.io/treonlite-docs/guide/crypto-investors-guide-to-avoiding-admin-scams/infinite-mint.html]
[treonlite.gitbook.io/treonlite-docs/_gitbook/pdf3a68.html]
[treonlite.gitbook.io/treonlite-docs/guide/crypto-investors-guide-to-avoiding-admin-scams/tax-fraud.html]
[treonlite.gitbook.io/treonlite-docs/_gitbook/pdf2408.html]
[treonlite.gitbook.io/treonlite-docs/guide/crypto-investors-guide-to-avoiding-admin-scams/proxy-upgrade-attack.html]
[treonlite.gitbook.io/treonlite-docs/_gitbook/pdf26b7.html]
[treonlite.gitbook.io/treonlite-docs/guide/crypto-investors-guide-to-avoiding-admin-scams/freeze-and-seize.html]
[treonlite.gitbook.io/treonlite-docs/_gitbook/pdfe1ed.html]
[trumpelontet.com/trumpElonTET.png]
[treonlite.gitbook.io/treonlite-docs/_gitbook/imagea514.jpg]
[treonlite.gitbook.io/treonlite-docs/_gitbook/pdf1599.html]
[treonlite.gitbook.io/treonlite-docs/trumpelontet.html]
[treonlite.gitbook.io/treonlite-docs/_gitbook/imagea7f4.ico]
[treonlite.gitbook.io/treonlite-docs/_gitbook/image6eb6.svg]
[treonlite.gitbook.io/treonlite-docs/trumpelontet.com/rocket-loader.min.js]
[treonlite.gitbook.io/treonlite-docs/trumpelontet.com/trumpelon-tet-meme-coin.html]
[static-2c.gitbook.com/_next/static/css/aca2cf448d391341.css]
[static-2c.gitbook.com/_next/static/css/1aa4318b516c20f4.css]
[static-2c.gitbook.com/_next/static/css/06bd1f5bc9cd60c7.css]
[static-2c.gitbook.com/_next/static/css/a0a242a9b1e69e35.css]
[static-2c.gitbook.com/_next/static/css/c2fc55a2f6ac227d.css]
[static-2c.gitbook.com/_next/static/css/53ba230a3ad5cee2.css]
[static-2c.gitbook.com/_next/static/css/95b358fb5c9305a3.css]
[static-2c.gitbook.com/_next/static/css/a73ed85726fb0435.css]
[static-2c.gitbook.com/_next/static/css/044e2992d9ef36c6.css]
[static-2c.gitbook.com/_next/static/css/c511dcbb282ef6ae.css]
[static-2c.gitbook.com/_next/static/css/11b085092f7ab861.css]
[static-2c.gitbook.com/_next/static/css/8037b62836803760.css]
[static-2c.gitbook.com/_next/static/css/4af9aafd612346fe.css]
[treonlite.gitbook.io/treonlite-docs/_gitbook/pdf07ff.html]
[treonlite.gitbook.io/treonlite-docs/rocket-loader.min.html]
[treonlite.gitbook.io/treonlite-docs/_gitbook/image42de]
[treonlite.gitbook.io/treonlite-docs/_gitbook/pdf8b06.html]
[static-2c.gitbook.com/_next/static/chunks/app/sites/dynamic/[mode]/[siteURL]/[siteData]/_gitbook/pdf/page-a99c65f012149754.js]
[treonlite.gitbook.io/treonlite-docs/_gitbook/pdff7e9.html]
[treonlite.gitbook.io/treonlite-docs/guide.html]
[treonlite.gitbook.io/treonlite-docs/guide/rocket-loader.min.html]
[treonlite.gitbook.io/treonlite-docs/_gitbook/pdf9948.html]
[treonlite.gitbook.io/treonlite-docs/guide/crypto-investors-guide-to-avoiding-admin-scams/rocket-loader.min.html]
[treonlite.gitbook.io/treonlite-docs/_gitbook/pdf66ac.html]
[treonlite.gitbook.io/treonlite-docs/_gitbook/pdfeabe.html]
[treonlite.gitbook.io/treonlite-docs/_gitbook/pdf3a68.html]
[treonlite.gitbook.io/treonlite-docs/_gitbook/pdf2408.html]
[treonlite.gitbook.io/treonlite-docs/_gitbook/pdf26b7.html]
[treonlite.gitbook.io/treonlite-docs/_gitbook/pdfe1ed.html]
[treonlite.gitbook.io/treonlite-docs/_gitbook/pdf1599.html]
[treonlite.gitbook.io/treonlite-docs/trumpelontet.html]
[treonlite.gitbook.io/treonlite-docs/_gitbook/image6eb6.svg]
[treonlite.gitbook.io/treonlite-docs/trumpelontet.com/rocket-loader.min.html]
[treonlite.gitbook.io/treonlite-docs/_gitbook/image8641]
[treonlite.gitbook.io/treonlite-docs/_gitbook/imagebc82]
[treonlite.gitbook.io/treonlite-docs/_gitbook/image0a19]
[treonlite.gitbook.io/treonlite-docs/_gitbook/image270c]
